../Core/Src/main.c:104:8:i2c_read	40	static
../Core/Src/main.c:115:8:i2c_write	40	static
../Core/Src/main.c:125:8:BME280_init	88	static
../Core/Src/main.c:166:8:BME280_read_data	112	static
../Core/Src/main.c:182:8:BME280_read_data2	112	static
../Core/Src/main.c:198:8:BME280_read_data3	112	static
../Core/Src/main.c:214:6:print_sensor_data	40	static
../Core/Src/main.c:255:9:USART_kbhit	4	static
../Core/Src/main.c:266:9:USART_getchar	16	static
../Core/Src/main.c:278:9:USART_getline	24	static
../Core/Src/main.c:329:6:USART_fsend	152	static,ignoring_inline_asm
../Core/Src/main.c:361:6:HAL_UART_TxCpltCallback	24	static
../Core/Src/main.c:376:6:HAL_UART_RxCpltCallback	16	static
../Core/Src/main.c:389:6:pobierz_dane	24	static
../Core/Src/main.c:416:6:sprawdz_dane	56	dynamic
../Core/Src/main.c:455:6:analizuj	64	static
../Core/Src/main.c:582:6:archiwalne	48	static
../Core/Src/main.c:606:5:main	512	static
../Core/Src/main.c:677:6:SystemClock_Config	72	static
../Core/Src/main.c:717:13:MX_I2C1_Init	8	static
../Core/Src/main.c:751:13:MX_TIM1_Init	112	static
../Core/Src/main.c:839:13:MX_USART2_UART_Init	8	static
../Core/Src/main.c:872:13:MX_GPIO_Init	40	static
../Core/Src/main.c:912:6:Error_Handler	4	static,ignoring_inline_asm
